<svg height="100" width="100" viewBox="0 0 100 100" xmlns="http://www.w3.org/2000/svg" version="1.1"><!-- svg-source:excalidraw --><metadata /><defs><symbol id="image-crop-img-cropped-1-1094913419"><image height="160" width="160" preserveAspectRatio="none" href="data:image/png;base64,iVBORw0KGgoAAAANSUhEUgAAAAQAAAAEAQMAAACTPww9AAAAIGNIUk0AAHomAACAhAAA+gAAAIDoAAB1MAAA6mAAADqYAAAXcJy6UTwAAAAGUExURf8AAP///0EdNBEAAAABYktHRAH/Ai3eAAAAB3RJTUUH6gQYEywRVscdgQAAACV0RVh0ZGF0ZTpjcmVhdGUAMjAyNi0wNC0yNFQxOTo0NDoxNyswMDowMD2t66YAAAAldEVYdGRhdGU6bW9kaWZ5ADIwMjYtMDQtMjRUMTk6NDQ6MTcrMDA6MDBM8FMaAAAAKHRFWHRkYXRlOnRpbWVzdGFtcAAyMDI2LTA0LTI0VDE5OjQ0OjE3KzAwOjAwG+VyxQAAAAtJREFUCNdjYIAAAAAIAAEvIN0xAAAAAElFTkSuQmCC" /></symbol><style class="style-fonts">
      </style></defs><rect fill="#ffffff" height="100" width="100" y="0" x="0" /><mask fill="#fff" id="mask-image-crop-img-elem-cropped-1"><rect height="80" width="80" y="40" x="40" /></mask><g transform="translate(-30 -30) rotate(0 80 80)" mask="url(#mask-image-crop-img-elem-cropped-1)"><use opacity="1" height="120" width="120" href="#image-crop-img-cropped-1-1094913419" /></g></svg>