<svg height="110" width="140" viewBox="0 0 140 110" xmlns="http://www.w3.org/2000/svg" version="1.1"><!-- svg-source:excalidraw --><metadata /><defs><symbol id="image-img-1"><image height="100%" width="100%" preserveAspectRatio="none" href="data:image/png;base64,iVBORw0KGgoAAAANSUhEUgAAAAIAAAACCAYAAABytg0kAAAAH0lEQVQIW2P8z8DwnwEJMDIgAEYGBgbG/xAGnBUA03QFPdphJnEAAAAASUVORK5CYII=" /></symbol><style class="style-fonts">
      </style></defs><rect fill="#ffffff" height="110" width="140" y="0" x="0" /><g transform="translate(10 10) rotate(0 60 45)"><use opacity="1" height="90" width="120" href="#image-img-1" /></g></svg>